127.0.0.1 - - [06/Feb/2020:09:44:05 +0530] "GET / HTTP/1.1" 404 709
0:0:0:0:0:0:0:1 - - [06/Feb/2020:09:44:06 +0530] "GET /webproject/index.html HTTP/1.1" 200 360
0:0:0:0:0:0:0:1 - - [06/Feb/2020:09:45:54 +0530] "GET /webproject/DataBase?login=7369&pswd=smith HTTP/1.1" 200 14
127.0.0.1 - - [06/Feb/2020:10:02:36 +0530] "GET / HTTP/1.1" 404 709
0:0:0:0:0:0:0:1 - - [06/Feb/2020:10:02:36 +0530] "GET /webproject/WEB-INF/register.html HTTP/1.1" 404 682
127.0.0.1 - - [06/Feb/2020:10:03:23 +0530] "GET / HTTP/1.1" 404 709
0:0:0:0:0:0:0:1 - - [06/Feb/2020:10:03:24 +0530] "GET /webproject/WEB-INF/register.html HTTP/1.1" 404 682
0:0:0:0:0:0:0:1 - - [06/Feb/2020:10:23:28 +0530] "GET / HTTP/1.1" 404 709
0:0:0:0:0:0:0:1 - - [06/Feb/2020:10:27:17 +0530] "GET / HTTP/1.1" 404 709
0:0:0:0:0:0:0:1 - - [06/Feb/2020:10:28:13 +0530] "GET / HTTP/1.1" 404 709
0:0:0:0:0:0:0:1 - - [06/Feb/2020:10:33:16 +0530] "GET /host-manager/html HTTP/1.1" 404 730
127.0.0.1 - - [06/Feb/2020:10:45:52 +0530] "GET / HTTP/1.1" 404 709
127.0.0.1 - - [06/Feb/2020:10:46:19 +0530] "GET / HTTP/1.1" 404 709
0:0:0:0:0:0:0:1 - - [06/Feb/2020:10:46:19 +0530] "GET /webproject/WEB-INF/register.html HTTP/1.1" 404 682
0:0:0:0:0:0:0:1 - - [06/Feb/2020:11:09:34 +0530] "GET /webproject/WEB-INF/register.html HTTP/1.1" 404 682
0:0:0:0:0:0:0:1 - - [06/Feb/2020:11:09:50 +0530] "GET /webproject/index.html HTTP/1.1" 304 -
127.0.0.1 - - [06/Feb/2020:11:10:33 +0530] "GET / HTTP/1.1" 404 709
0:0:0:0:0:0:0:1 - - [06/Feb/2020:11:10:33 +0530] "GET /webproject/WEB-INF/register.html HTTP/1.1" 404 682
127.0.0.1 - - [06/Feb/2020:11:17:50 +0530] "GET / HTTP/1.1" 404 709
0:0:0:0:0:0:0:1 - - [06/Feb/2020:11:17:51 +0530] "GET /webproject/WEB-INF/register.html HTTP/1.1" 404 682
127.0.0.1 - - [06/Feb/2020:11:20:58 +0530] "GET / HTTP/1.1" 404 709
0:0:0:0:0:0:0:1 - - [06/Feb/2020:11:20:58 +0530] "GET /webproject/WEB-INF/register.html HTTP/1.1" 404 682
0:0:0:0:0:0:0:1 - - [06/Feb/2020:11:22:47 +0530] "GET /webproject/index.html HTTP/1.1" 304 -
127.0.0.1 - - [06/Feb/2020:11:23:55 +0530] "GET / HTTP/1.1" 404 709
0:0:0:0:0:0:0:1 - - [06/Feb/2020:11:23:56 +0530] "GET /webproject/WEB-INF/register.html HTTP/1.1" 404 682
127.0.0.1 - - [06/Feb/2020:11:25:10 +0530] "GET / HTTP/1.1" 404 709
0:0:0:0:0:0:0:1 - - [06/Feb/2020:11:25:10 +0530] "GET /webproject/registration.html HTTP/1.1" 200 362
0:0:0:0:0:0:0:1 - - [06/Feb/2020:11:25:30 +0530] "GET /webproject/registration.html HTTP/1.1" 200 642
127.0.0.1 - - [06/Feb/2020:11:30:12 +0530] "GET / HTTP/1.1" 404 709
0:0:0:0:0:0:0:1 - - [06/Feb/2020:11:30:12 +0530] "GET /webproject/registration.html HTTP/1.1" 200 699
0:0:0:0:0:0:0:1 - - [06/Feb/2020:11:31:14 +0530] "GET /webproject/RegisterServlet?name=niharika&dept=software&desg=developer&company=cts&mobile=8639780123&email=niha.kos@gmail.com HTTP/1.1" 200 22
127.0.0.1 - - [06/Feb/2020:11:32:53 +0530] "GET / HTTP/1.1" 404 709
0:0:0:0:0:0:0:1 - - [06/Feb/2020:11:32:54 +0530] "GET /webproject/registration.html HTTP/1.1" 304 -
0:0:0:0:0:0:0:1 - - [06/Feb/2020:11:33:24 +0530] "GET /webproject/RegisterServlet?name=niha&dept=software&desg=developer&company=cts&mobile=8639780564&email=niha.kosu@gmail.com HTTP/1.1" 200 78
127.0.0.1 - - [06/Feb/2020:11:34:34 +0530] "GET / HTTP/1.1" 404 709
0:0:0:0:0:0:0:1 - - [06/Feb/2020:11:34:35 +0530] "GET /webproject/registration.html HTTP/1.1" 304 -
0:0:0:0:0:0:0:1 - - [06/Feb/2020:11:35:06 +0530] "GET /webproject/RegisterServlet?name=nihaana&dept=software&desg=developer&company=cts&mobile=8963545656&email=nihaana.12@gmail.com HTTP/1.1" 200 78
127.0.0.1 - - [06/Feb/2020:11:39:45 +0530] "GET / HTTP/1.1" 404 709
0:0:0:0:0:0:0:1 - - [06/Feb/2020:11:39:45 +0530] "GET /webproject/search.html HTTP/1.1" 200 306
0:0:0:0:0:0:0:1 - - [06/Feb/2020:11:39:55 +0530] "GET /webproject/SearchingServlet?search=nihaana HTTP/1.1" 200 78
0:0:0:0:0:0:0:1 - - [06/Feb/2020:11:42:51 +0530] "GET /webproject/index.html HTTP/1.1" 304 -
0:0:0:0:0:0:0:1 - - [06/Feb/2020:11:43:14 +0530] "GET /webproject/DataBase?login=admin&pswd=admin HTTP/1.1" 200 14
127.0.0.1 - - [06/Feb/2020:11:44:13 +0530] "GET / HTTP/1.1" 404 709
0:0:0:0:0:0:0:1 - - [06/Feb/2020:11:44:22 +0530] "GET /webproject/DataBase?login=admin&pswd=admin HTTP/1.1" 200 36
127.0.0.1 - - [06/Feb/2020:12:27:57 +0530] "GET / HTTP/1.1" 404 709
0:0:0:0:0:0:0:1 - - [06/Feb/2020:12:27:58 +0530] "GET /ServerChaining/ServerChainingExample1 HTTP/1.1" 200 26
127.0.0.1 - - [06/Feb/2020:12:28:53 +0530] "GET / HTTP/1.1" 404 709
0:0:0:0:0:0:0:1 - - [06/Feb/2020:12:28:54 +0530] "GET /ServerChaining/ServerChainingExample1 HTTP/1.1" 200 24
127.0.0.1 - - [06/Feb/2020:12:30:46 +0530] "GET / HTTP/1.1" 404 709
0:0:0:0:0:0:0:1 - - [06/Feb/2020:12:30:47 +0530] "GET /ServerChaining/ServerChainingExample1 HTTP/1.1" 200 50
127.0.0.1 - - [06/Feb/2020:16:48:55 +0530] "GET / HTTP/1.1" 404 709
0:0:0:0:0:0:0:1 - - [06/Feb/2020:16:48:55 +0530] "GET /webproject/oneinthree.html HTTP/1.1" 200 480
0:0:0:0:0:0:0:1 - - [06/Feb/2020:16:49:56 +0530] "GET /webproject/Servlet11?name=nihaas&dept=software&desg=developer HTTP/1.1" 200 14
0:0:0:0:0:0:0:1 - - [06/Feb/2020:16:51:11 +0530] "GET /webproject/oneinthree.html HTTP/1.1" 304 -
0:0:0:0:0:0:0:1 - - [06/Feb/2020:16:51:31 +0530] "GET /webproject/Servlet11?name=nihaas&dept=core+java&desg=developer HTTP/1.1" 200 14
127.0.0.1 - - [06/Feb/2020:16:58:48 +0530] "GET / HTTP/1.1" 404 709
0:0:0:0:0:0:0:1 - - [06/Feb/2020:16:58:48 +0530] "GET /webproject/oneinthree.html HTTP/1.1" 304 -
0:0:0:0:0:0:0:1 - - [06/Feb/2020:16:59:15 +0530] "GET /webproject/Servlet11?name=nihaas&dept=analysts&desg=developer HTTP/1.1" 200 14
127.0.0.1 - - [06/Feb/2020:17:04:23 +0530] "GET / HTTP/1.1" 404 709
0:0:0:0:0:0:0:1 - - [06/Feb/2020:17:04:24 +0530] "GET /webproject/Servlet11 HTTP/1.1" 200 14
0:0:0:0:0:0:0:1 - - [06/Feb/2020:17:04:47 +0530] "GET /webproject/oneinthree.html HTTP/1.1" 304 -
0:0:0:0:0:0:0:1 - - [06/Feb/2020:17:04:56 +0530] "GET /webproject/Servlet11?name=nihaas&dept=cse&desg=developer HTTP/1.1" 200 14
127.0.0.1 - - [06/Feb/2020:17:10:16 +0530] "GET / HTTP/1.1" 404 709
0:0:0:0:0:0:0:1 - - [06/Feb/2020:17:10:17 +0530] "GET /webproject/oneinthree.html HTTP/1.1" 304 -
0:0:0:0:0:0:0:1 - - [06/Feb/2020:17:10:28 +0530] "GET /webproject/Servlet11?name=nihaana&dept=cse&desg=developer HTTP/1.1" 200 14
0:0:0:0:0:0:0:1 - - [06/Feb/2020:17:12:34 +0530] "GET /webproject/oneinthree.html HTTP/1.1" 200 493
0:0:0:0:0:0:0:1 - - [06/Feb/2020:17:12:49 +0530] "GET /webproject/Servlet11?name=nihaana&dept=cse&desg=developer HTTP/1.1" 200 14
127.0.0.1 - - [06/Feb/2020:17:13:52 +0530] "GET / HTTP/1.1" 404 709
0:0:0:0:0:0:0:1 - - [06/Feb/2020:17:13:53 +0530] "GET /webproject/oneinthree.html HTTP/1.1" 304 -
0:0:0:0:0:0:0:1 - - [06/Feb/2020:17:14:02 +0530] "GET /webproject/Servlet11?name=Niha&dept=cse&desg=developer HTTP/1.1" 200 14
127.0.0.1 - - [06/Feb/2020:17:18:41 +0530] "GET / HTTP/1.1" 404 709
0:0:0:0:0:0:0:1 - - [06/Feb/2020:17:18:41 +0530] "GET /webproject/oneinthree.html HTTP/1.1" 304 -
0:0:0:0:0:0:0:1 - - [06/Feb/2020:17:18:58 +0530] "GET /webproject/Servlet11?name=nihaaa&dept=cse&desg=developer HTTP/1.1" 200 59
